// Jest Snapshot v1, https://goo.gl/fbAQLP

exports[`should render an expense list without items 1`] = `
<div>
  <h1>
    No Items
  </h1>
</div>
`;

exports[`should render expense list with expenses 1`] = `
<div>
  <ExpenseListItem
    amount={999}
    createdAt={0}
    description="orange"
    id="1"
    key="1"
    note=""
  />
  <ExpenseListItem
    amount={555}
    createdAt={-345600000}
    description="banana"
    id="2"
    key="2"
    note=""
  />
  <ExpenseListItem
    amount={1111}
    createdAt={345600000}
    description="banana"
    id="3"
    key="3"
    note=""
  />
</div>
`;
